[   3]  |    1   29999  | PUSH 29999
[   5]  |   11       1  | POPREG Bx
[   7]  |   10       1  | PUSHREG Bx
[   9]  |   23       1  | POPM [Bx]
[  11]  |    1   29999  | PUSH 29999
[  13]  |   11       2  | POPREG Cx
[  15]  |    1       0  | PUSH 0
[  17]  |   10       1  | PUSHREG Bx
[  19]  |    1       1  | PUSH 1
[  21]  |    3          | SUB
[  22]  |   11       4  | POPREG Ex
[  24]  |   10       2  | PUSHREG Cx
[  26]  |    1       1  | PUSH 1
[  28]  |    3          | SUB
[  29]  |   11       2  | POPREG Cx
[  31]  |   23       4  | POPM [Ex]
[  33]  |    1       0  | PUSH 0
[  35]  |   10       1  | PUSHREG Bx
[  37]  |    1       2  | PUSH 2
[  39]  |    3          | SUB
[  40]  |   11       4  | POPREG Ex
[  42]  |   10       2  | PUSHREG Cx
[  44]  |    1       1  | PUSH 1
[  46]  |    3          | SUB
[  47]  |   11       2  | POPREG Cx
[  49]  |   23       4  | POPM [Ex]
[  51]  |   12          | IN
[  52]  |   10       1  | PUSHREG Bx
[  54]  |    1       1  | PUSH 1
[  56]  |    3          | SUB
[  57]  |   11       4  | POPREG Ex
[  59]  |   23       4  | POPM [Ex]
[  61]  |   10       1  | PUSHREG Bx
[  63]  |    1       1  | PUSH 1
[  65]  |    3          | SUB
[  66]  |   11       4  | POPREG Ex
[  68]  |   22       4  | PUSHM [Ex]
[  70]  |   10       2  | PUSHREG Cx
[  72]  |    1       1  | PUSH 1
[  74]  |    3          | SUB
[  75]  |   11       2  | POPREG Cx
[  77]  |   10       1  | PUSHREG Bx
[  79]  |   23       2  | POPM [Cx]
[  81]  |   10       2  | PUSHREG Cx
[  83]  |   11       1  | POPREG Bx
[  85]  |   20      -1  | CALL :factorial
[  87]  |   10       1  | PUSHREG Bx
[  89]  |    1       2  | PUSH 2
[  91]  |    3          | SUB
[  92]  |   11       4  | POPREG Ex
[  94]  |   10       2  | PUSHREG Cx
[  96]  |    1       1  | PUSH 1
[  98]  |    3          | SUB
[  99]  |   11       2  | POPREG Cx
[ 101]  |   23       4  | POPM [Ex]
[ 103]  |   10       1  | PUSHREG Bx
[ 105]  |    1       2  | PUSH 2
[ 107]  |    3          | SUB
[ 108]  |   11       4  | POPREG Ex
[ 110]  |   22       4  | PUSHM [Ex]
[ 112]  |    8          | OUT
[ 113]  |    9          | HLT
[ 114]  |   10       1  | PUSHREG Bx
[ 116]  |    1       1  | PUSH 1
[ 118]  |    3          | SUB
[ 119]  |   11       4  | POPREG Ex
[ 121]  |   10       2  | PUSHREG Cx
[ 123]  |    1       1  | PUSH 1
[ 125]  |    3          | SUB
[ 126]  |   11       2  | POPREG Cx
[ 128]  |   23       4  | POPM [Ex]
[ 130]  |    1       1  | PUSH 1
[ 132]  |   10       1  | PUSHREG Bx
[ 134]  |    1       1  | PUSH 1
[ 136]  |    3          | SUB
[ 137]  |   11       4  | POPREG Ex
[ 139]  |   22       4  | PUSHM [Ex]
[ 141]  |    1       0  | PUSH 0
[ 143]  |   11       3  | POPREG Dx
[ 145]  |   19      -1  | JNE :endCompare1
[ 147]  |    1       1  | PUSH 1
[ 149]  |   11       3  | POPREG Dx
[ 151]  |   10       3  | PUSHREG Dx
[ 153]  |    1       0  | PUSH 0
[ 155]  |   18      -1  | JE :endif1
[ 157]  |    1       1  | PUSH 1
[ 159]  |   10       1  | PUSHREG Bx
[ 161]  |    1       1  | PUSH 1
[ 163]  |    2          | ADD
[ 164]  |   11       2  | POPREG Cx
[ 166]  |   22       1  | PUSHM [Bx]
[ 168]  |   11       1  | POPREG Bx
[ 170]  |   21          | RET
[ 171]  |    1       1  | PUSH 1
[ 173]  |   10       1  | PUSHREG Bx
[ 175]  |    1       1  | PUSH 1
[ 177]  |    3          | SUB
[ 178]  |   11       4  | POPREG Ex
[ 180]  |   22       4  | PUSHM [Ex]
[ 182]  |    1       0  | PUSH 0
[ 184]  |   11       3  | POPREG Dx
[ 186]  |   18      -1  | JE :endCompare2
[ 188]  |    1       1  | PUSH 1
[ 190]  |   11       3  | POPREG Dx
[ 192]  |   10       3  | PUSHREG Dx
[ 194]  |    1       0  | PUSH 0
[ 196]  |   18      -1  | JE :endif2
[ 198]  |   10       1  | PUSHREG Bx
[ 200]  |    1       1  | PUSH 1
[ 202]  |    3          | SUB
[ 203]  |   11       4  | POPREG Ex
[ 205]  |   22       4  | PUSHM [Ex]
[ 207]  |   10       1  | PUSHREG Bx
[ 209]  |    1       1  | PUSH 1
[ 211]  |    3          | SUB
[ 212]  |   11       4  | POPREG Ex
[ 214]  |   22       4  | PUSHM [Ex]
[ 216]  |    1       1  | PUSH 1
[ 218]  |    3          | SUB
[ 219]  |   10       2  | PUSHREG Cx
[ 221]  |    1       1  | PUSH 1
[ 223]  |    3          | SUB
[ 224]  |   11       2  | POPREG Cx
[ 226]  |   10       1  | PUSHREG Bx
[ 228]  |   23       2  | POPM [Cx]
[ 230]  |   10       2  | PUSHREG Cx
[ 232]  |   11       1  | POPREG Bx
[ 234]  |   20     111  | CALL :factorial
[ 236]  |    4          | MUL
[ 237]  |   10       1  | PUSHREG Bx
[ 239]  |    1       1  | PUSH 1
[ 241]  |    2          | ADD
[ 242]  |   11       2  | POPREG Cx
[ 244]  |   22       1  | PUSHM [Bx]
[ 246]  |   11       1  | POPREG Bx
[ 248]  |   21          | RET
[   3]  |    1   29999  | PUSH 29999
[   5]  |   11       1  | POPREG Bx
[   7]  |   10       1  | PUSHREG Bx
[   9]  |   23       1  | POPM [Bx]
[  11]  |    1   29999  | PUSH 29999
[  13]  |   11       2  | POPREG Cx
[  15]  |    1       0  | PUSH 0
[  17]  |   10       1  | PUSHREG Bx
[  19]  |    1       1  | PUSH 1
[  21]  |    3          | SUB
[  22]  |   11       4  | POPREG Ex
[  24]  |   10       2  | PUSHREG Cx
[  26]  |    1       1  | PUSH 1
[  28]  |    3          | SUB
[  29]  |   11       2  | POPREG Cx
[  31]  |   23       4  | POPM [Ex]
[  33]  |    1       0  | PUSH 0
[  35]  |   10       1  | PUSHREG Bx
[  37]  |    1       2  | PUSH 2
[  39]  |    3          | SUB
[  40]  |   11       4  | POPREG Ex
[  42]  |   10       2  | PUSHREG Cx
[  44]  |    1       1  | PUSH 1
[  46]  |    3          | SUB
[  47]  |   11       2  | POPREG Cx
[  49]  |   23       4  | POPM [Ex]
[  51]  |   12          | IN
[  52]  |   10       1  | PUSHREG Bx
[  54]  |    1       1  | PUSH 1
[  56]  |    3          | SUB
[  57]  |   11       4  | POPREG Ex
[  59]  |   23       4  | POPM [Ex]
[  61]  |   10       1  | PUSHREG Bx
[  63]  |    1       1  | PUSH 1
[  65]  |    3          | SUB
[  66]  |   11       4  | POPREG Ex
[  68]  |   22       4  | PUSHM [Ex]
[  70]  |   10       2  | PUSHREG Cx
[  72]  |    1       1  | PUSH 1
[  74]  |    3          | SUB
[  75]  |   11       2  | POPREG Cx
[  77]  |   10       1  | PUSHREG Bx
[  79]  |   23       2  | POPM [Cx]
[  81]  |   10       2  | PUSHREG Cx
[  83]  |   11       1  | POPREG Bx
[  85]  |   20     111  | CALL :factorial
[  87]  |   10       1  | PUSHREG Bx
[  89]  |    1       2  | PUSH 2
[  91]  |    3          | SUB
[  92]  |   11       4  | POPREG Ex
[  94]  |   10       2  | PUSHREG Cx
[  96]  |    1       1  | PUSH 1
[  98]  |    3          | SUB
[  99]  |   11       2  | POPREG Cx
[ 101]  |   23       4  | POPM [Ex]
[ 103]  |   10       1  | PUSHREG Bx
[ 105]  |    1       2  | PUSH 2
[ 107]  |    3          | SUB
[ 108]  |   11       4  | POPREG Ex
[ 110]  |   22       4  | PUSHM [Ex]
[ 112]  |    8          | OUT
[ 113]  |    9          | HLT
[ 114]  |   10       1  | PUSHREG Bx
[ 116]  |    1       1  | PUSH 1
[ 118]  |    3          | SUB
[ 119]  |   11       4  | POPREG Ex
[ 121]  |   10       2  | PUSHREG Cx
[ 123]  |    1       1  | PUSH 1
[ 125]  |    3          | SUB
[ 126]  |   11       2  | POPREG Cx
[ 128]  |   23       4  | POPM [Ex]
[ 130]  |    1       1  | PUSH 1
[ 132]  |   10       1  | PUSHREG Bx
[ 134]  |    1       1  | PUSH 1
[ 136]  |    3          | SUB
[ 137]  |   11       4  | POPREG Ex
[ 139]  |   22       4  | PUSHM [Ex]
[ 141]  |    1       0  | PUSH 0
[ 143]  |   11       3  | POPREG Dx
[ 145]  |   19     148  | JNE :endCompare1
[ 147]  |    1       1  | PUSH 1
[ 149]  |   11       3  | POPREG Dx
[ 151]  |   10       3  | PUSHREG Dx
[ 153]  |    1       0  | PUSH 0
[ 155]  |   18     168  | JE :endif1
[ 157]  |    1       1  | PUSH 1
[ 159]  |   10       1  | PUSHREG Bx
[ 161]  |    1       1  | PUSH 1
[ 163]  |    2          | ADD
[ 164]  |   11       2  | POPREG Cx
[ 166]  |   22       1  | PUSHM [Bx]
[ 168]  |   11       1  | POPREG Bx
[ 170]  |   21          | RET
[ 171]  |    1       1  | PUSH 1
[ 173]  |   10       1  | PUSHREG Bx
[ 175]  |    1       1  | PUSH 1
[ 177]  |    3          | SUB
[ 178]  |   11       4  | POPREG Ex
[ 180]  |   22       4  | PUSHM [Ex]
[ 182]  |    1       0  | PUSH 0
[ 184]  |   11       3  | POPREG Dx
[ 186]  |   18     189  | JE :endCompare2
[ 188]  |    1       1  | PUSH 1
[ 190]  |   11       3  | POPREG Dx
[ 192]  |   10       3  | PUSHREG Dx
[ 194]  |    1       0  | PUSH 0
[ 196]  |   18     246  | JE :endif2
[ 198]  |   10       1  | PUSHREG Bx
[ 200]  |    1       1  | PUSH 1
[ 202]  |    3          | SUB
[ 203]  |   11       4  | POPREG Ex
[ 205]  |   22       4  | PUSHM [Ex]
[ 207]  |   10       1  | PUSHREG Bx
[ 209]  |    1       1  | PUSH 1
[ 211]  |    3          | SUB
[ 212]  |   11       4  | POPREG Ex
[ 214]  |   22       4  | PUSHM [Ex]
[ 216]  |    1       1  | PUSH 1
[ 218]  |    3          | SUB
[ 219]  |   10       2  | PUSHREG Cx
[ 221]  |    1       1  | PUSH 1
[ 223]  |    3          | SUB
[ 224]  |   11       2  | POPREG Cx
[ 226]  |   10       1  | PUSHREG Bx
[ 228]  |   23       2  | POPM [Cx]
[ 230]  |   10       2  | PUSHREG Cx
[ 232]  |   11       1  | POPREG Bx
[ 234]  |   20     111  | CALL :factorial
[ 236]  |    4          | MUL
[ 237]  |   10       1  | PUSHREG Bx
[ 239]  |    1       1  | PUSH 1
[ 241]  |    2          | ADD
[ 242]  |   11       2  | POPREG Cx
[ 244]  |   22       1  | PUSHM [Bx]
[ 246]  |   11       1  | POPREG Bx
[ 248]  |   21          | RET
